// Jest Snapshot v1, https://goo.gl/fbAQLP

exports[`TabList Basic renders as expected 1`] = `
<div
  className="clearfix"
>
  <div
    className="fl"
  >
    <a
      className="inline-block px6 mr24 fl-mm align-center-mm align-l py12 border-b-mm border-b--2 inline-block border-b border--transparent "
      data-test="/dr-ui/overview/"
      href="/dr-ui/overview/"
    >
      Overview
    </a>
  </div>
  <div
    className="fl"
  >
    <a
      className="inline-block px6 mr24 fl-mm align-center-mm align-l py12 border-b-mm border-b--2 inline-block border-b border--transparent "
      data-test="/dr-ui/specification/"
      href="/dr-ui/specification/"
    >
      Specification
    </a>
  </div>
  <div
    className="fl"
  >
    <a
      className="inline-block px6 mr24 fl-mm align-center-mm align-l py12 border-b-mm border-b--2 inline-block-mm none border--transparent "
      data-test="/dr-ui/examples/"
      href="/dr-ui/examples/"
    >
      Examples
    </a>
  </div>
  <div
    className="fl"
  >
    <a
      className="inline-block px6 mr24 fl-mm align-center-mm align-l py12 border-b-mm border-b--2 inline-block-mm none border--transparent "
      data-test="/dr-ui/demo/"
      href="/dr-ui/demo/"
    >
      Demo
    </a>
  </div>
  <div
    className="fl"
  >
    <div
      className="inline-block"
      onBlur={[Function]}
      onClick={[Function]}
      onFocus={[Function]}
      onKeyDown={[Function]}
    >
      <button
        aria-label="More"
        className="px6 py12 mr12 align-l cursor-pointer none-mm"
        type="button"
      >
        More +
      </button>
    </div>
  </div>
</div>
`;
