// Jest Snapshot v1, https://goo.gl/fbAQLP

exports[`PageShell Basic renders as expected 1`] = `
<div>
  <div
    className="shell-header-buffer"
  />
  <div
    className="sticky-outer-wrapper"
    style={Object {}}
  >
    <div
      className="sticky-inner-wrapper"
      style={
        Object {
          "position": "relative",
          "top": "0px",
          "zIndex": 4,
        }
      }
    >
      <div
        className="border-t border-b border--gray-light bg-white"
        data-swiftype-index="false"
      >
        <div
          className="limiter"
        >
          <div
            className="grid"
          >
            <div
              className="col col--4-mm col--12"
            >
              <div
                className="ml24-mm pt12"
              >
                <div
                  className="flex-parent"
                >
                  <a
                    className="wmax240-ml wmax180-mm txt-fancy txt-l block txt-truncate color-blue-on-hover"
                    href="/dr-ui"
                  >
                    dr-ui
                  </a>
                </div>
              </div>
            </div>
            <div
              className="col col--5-mm col--12"
            >
              <div
                className="clearfix"
              >
                <div
                  className="fl"
                >
                  <a
                    className="inline-block px6 mr24 fl-mm align-center-mm align-l py12 border-b-mm border-b--2 inline-block border-b border--transparent "
                    data-test="/dr-ui/overview/"
                    href="/dr-ui/overview/"
                  >
                    Overview
                  </a>
                </div>
                <div
                  className="fl"
                >
                  <a
                    className="inline-block px6 mr24 fl-mm align-center-mm align-l py12 border-b-mm border-b--2 inline-block border-b border--transparent "
                    data-test="/dr-ui/specification/"
                    href="/dr-ui/specification/"
                  >
                    Specification
                  </a>
                </div>
                <div
                  className="fl"
                >
                  <a
                    className="inline-block px6 mr24 fl-mm align-center-mm align-l py12 border-b-mm border-b--2 inline-block-mm none border--transparent "
                    data-test="/dr-ui/examples/"
                    href="/dr-ui/examples/"
                  >
                    Examples
                  </a>
                </div>
                <div
                  className="fl"
                >
                  <a
                    className="inline-block px6 mr24 fl-mm align-center-mm align-l py12 border-b-mm border-b--2 inline-block-mm none border--transparent "
                    data-test="/dr-ui/demo/"
                    href="/dr-ui/demo/"
                  >
                    Demo
                  </a>
                </div>
                <div
                  className="fl"
                >
                  <div
                    className="inline-block"
                    onBlur={[Function]}
                    onClick={[Function]}
                    onFocus={[Function]}
                    onKeyDown={[Function]}
                  >
                    <button
                      aria-label="More"
                      className="px6 py12 mr12 align-l cursor-pointer none-mm"
                      type="button"
                    >
                      More +
                    </button>
                  </div>
                </div>
              </div>
            </div>
            <div
              className="col col--3-mm col--12"
            >
              <div
                className="flex-parent-mm flex-parent--center-cross flex-parent--end-main h-full-mm wmax300 wmax-full-mm my0-mm my12"
              >
                <div
                  className="h36 relative"
                >
                  <div>
                    <div>
                      <button
                        className="flex-parent flex-parent--center-cross flex-parent--center-main btn btn--stroke "
                        onClick={[Function]}
                        style={Object {}}
                      >
                        <span
                          className="mr6"
                        >
                          <svg
                            className="icon w18 h18"
                          >
                            <use
                              xlinkHref="#icon-search"
                            />
                          </svg>
                        </span>
                         
                        Search
                      </button>
                    </div>
                  </div>
                </div>
              </div>
            </div>
          </div>
        </div>
      </div>
    </div>
  </div>
  <div
    className="limiter"
  >
    <div
      className="grid"
    >
      <div
        className="col col--4-mm col--12 bg-gray-faint"
      >
        <div
          data-swiftype-index="false"
        >
          <div
            className="sticky-outer-wrapper"
            style={Object {}}
          >
            <div
              className="sticky-inner-wrapper"
              style={
                Object {
                  "position": "relative",
                  "top": "0px",
                  "zIndex": 3,
                }
              }
            >
              <div
                className="sidebarNarrowClasses"
                id="dr-ui--page-layout-sidebar"
              >
                <div
                  className="mx24 py12"
                >
                  <ul
                    className=""
                    style={Object {}}
                  />
                </div>
              </div>
            </div>
          </div>
        </div>
      </div>
      <div
        className="col col--12 col--8-mm"
      >
        <div
          className="mt24-mm pr0-mm mb60 px36-mm"
          id="docs-content"
        >
          <div
            className="prose"
          >
            <h1
              className="txt-fancy"
            >
              My page
            </h1>
            hello world!
            <div
              className="mt36"
            >
              <div
                className="bg-gray-faint py12 px18 round color-gray"
              >
                <div>
                  <div>
                    <div
                      className="mb6"
                    >
                      Was this 
                      
                       helpful?
                    </div>
                    <button
                      className="btn btn--s"
                      id="dr-ui--feedback-page-yes"
                      onClick={[Function]}
                    >
                      Yes
                    </button>
                    <button
                      className="btn btn--s ml6"
                      id="dr-ui--feedback-page-no"
                      onClick={[Function]}
                    >
                      No
                    </button>
                  </div>
                </div>
              </div>
            </div>
          </div>
          
        </div>
      </div>
    </div>
  </div>
</div>
`;
